CREATE EXTENSION
CREATE TABLE
CREATE TABLE
CREATE INDEX
CREATE INDEX
INSERT 0 1
 lsm_start_merge 
-----------------
 
(1 row)

 lsm_wait_for_merge 
--------------------
 
(1 row)

INSERT 0 1
 lsm_start_merge 
-----------------
 
(1 row)

 lsm_wait_for_merge 
--------------------
 
(1 row)

INSERT 0 1
 lsm_start_merge 
-----------------
 
(1 row)

 lsm_wait_for_merge 
--------------------
 
(1 row)

INSERT 0 1
 lsm_start_merge 
-----------------
 
(1 row)

 lsm_wait_for_merge 
--------------------
 
(1 row)

 lsm_get_merge_count 
---------------------
                   4
(1 row)

 id | val 
----+-----
(0 rows)

 id | val 
----+-----
  2 |  20
  3 |  30
  4 |  40
  5 |  50
(4 rows)

 id | val 
----+-----
  5 |  50
  4 |  40
  3 |  30
  2 |  20
(4 rows)

ANALYZE
        QUERY PLAN         
---------------------------
 Sort
   Sort Key: id
   ->  Seq Scan on lsmtest
(3 rows)

INSERT 0 100000
INSERT 0 0
INSERT 0 0
INSERT 0 100000
INSERT 0 0
INSERT 0 0
 id | val 
----+-----
  1 |   1
  1 |   1
(2 rows)

 id | val 
----+-----
(0 rows)

 id | val 
----+-----
(0 rows)

 id | val 
----+-----
(0 rows)

ANALYZE
              QUERY PLAN               
---------------------------------------
 Index Scan using lsm_index on lsmtest
   Index Cond: (id = 1)
(2 rows)

 ?column? 
----------
 f
(1 row)

TRUNCATE TABLE
INSERT 0 1000000
 id | val 
----+-----
  1 |   1
(1 row)

REINDEX
 id | val 
----+-----
  1 |   1
(1 row)
